Component: Arm Compiler for Embedded 6.19 Tool: armlink [5e73cb00]

==============================================================================

Section Cross References

    startup.o(STACK) refers (Special) to heapauxi.o(.text) for __use_two_region_memory
    startup.o(HEAP) refers (Special) to heapauxi.o(.text) for __use_two_region_memory
    startup.o(RESET) refers (Special) to heapauxi.o(.text) for __use_two_region_memory
    startup.o(RESET) refers to startup.o(STACK) for StackMem
    startup.o(RESET) refers to project2mcu1.o(.text.SysTick_Handler) for SysTick_Handler
    startup.o(RESET) refers to __main.o(!!!main) for __main
    startup.o(.text) refers (Special) to heapauxi.o(.text) for __use_two_region_memory
    startup.o(.text) refers to startup.o(HEAP) for HeapMem
    startup.o(.text) refers to startup.o(STACK) for StackMem
    pll.o(.ARM.exidx.text.PLL_Init) refers to pll.o(.text.PLL_Init) for [Anonymous Symbol]
    uart0.o(.ARM.exidx.text.UART0_Init) refers to uart0.o(.text.UART0_Init) for [Anonymous Symbol]
    uart0.o(.text.OutCRLF0) refers to uart0.o(.text.UART0_OutChar) for UART0_OutChar
    uart0.o(.ARM.exidx.text.OutCRLF0) refers to uart0.o(.text.OutCRLF0) for [Anonymous Symbol]
    uart0.o(.ARM.exidx.text.UART0_OutChar) refers to uart0.o(.text.UART0_OutChar) for [Anonymous Symbol]
    uart0.o(.ARM.exidx.text.UART0_InChar) refers to uart0.o(.text.UART0_InChar) for [Anonymous Symbol]
    uart0.o(.text.UART0_OutString) refers to uart0.o(.text.UART0_OutChar) for UART0_OutChar
    uart0.o(.ARM.exidx.text.UART0_OutString) refers to uart0.o(.text.UART0_OutString) for [Anonymous Symbol]
    uart0.o(.text.UART0_InUDec) refers to uart0.o(.text.UART0_InChar) for UART0_InChar
    uart0.o(.text.UART0_InUDec) refers to uart0.o(.text.UART0_OutChar) for UART0_OutChar
    uart0.o(.ARM.exidx.text.UART0_InUDec) refers to uart0.o(.text.UART0_InUDec) for [Anonymous Symbol]
    uart0.o(.text.UART0_OutUDec) refers to uart0.o(.text.UART0_OutChar) for UART0_OutChar
    uart0.o(.ARM.exidx.text.UART0_OutUDec) refers to uart0.o(.text.UART0_OutUDec) for [Anonymous Symbol]
    uart0.o(.text.UART0_InUHex) refers to uart0.o(.text.UART0_InChar) for UART0_InChar
    uart0.o(.text.UART0_InUHex) refers to uart0.o(.text.UART0_OutChar) for UART0_OutChar
    uart0.o(.ARM.exidx.text.UART0_InUHex) refers to uart0.o(.text.UART0_InUHex) for [Anonymous Symbol]
    uart0.o(.text.UART0_OutUHex) refers to uart0.o(.text.UART0_OutChar) for UART0_OutChar
    uart0.o(.ARM.exidx.text.UART0_OutUHex) refers to uart0.o(.text.UART0_OutUHex) for [Anonymous Symbol]
    uart0.o(.text.UART0_InString) refers to uart0.o(.text.UART0_InChar) for UART0_InChar
    uart0.o(.text.UART0_InString) refers to uart0.o(.text.UART0_OutChar) for UART0_OutChar
    uart0.o(.ARM.exidx.text.UART0_InString) refers to uart0.o(.text.UART0_InString) for [Anonymous Symbol]
    uart0.o(.ARM.exidx.text.charToHex) refers to uart0.o(.text.charToHex) for [Anonymous Symbol]
    project2mcu1.o(.text.main) refers to startup.o(.text) for DisableInterrupts
    project2mcu1.o(.text.main) refers to pll.o(.text.PLL_Init) for PLL_Init
    project2mcu1.o(.text.main) refers to project2mcu1.o(.text.Switch_Init) for Switch_Init
    project2mcu1.o(.text.main) refers to project2mcu1.o(.text.SysTick_Handler) for SysTick_Handler
    project2mcu1.o(.text.main) refers to uart0.o(.text.UART0_Init) for UART0_Init
    project2mcu1.o(.text.main) refers to project2mcu1.o(.text.Display_Menu) for Display_Menu
    project2mcu1.o(.text.main) refers to uart0.o(.text.UART0_InChar) for UART0_InChar
    project2mcu1.o(.text.main) refers to project2mcu1.o(.text.Mode1) for Mode1
    project2mcu1.o(.text.main) refers to project2mcu1.o(.text.Mode2) for Mode2
    project2mcu1.o(.text.main) refers to project2mcu1.o(.text.Mode3) for Mode3
    project2mcu1.o(.text.main) refers to uart0.o(.text.OutCRLF0) for OutCRLF0
    project2mcu1.o(.ARM.exidx.text.main) refers to project2mcu1.o(.text.main) for [Anonymous Symbol]
    project2mcu1.o(.text.Switch_Init) refers to project2mcu1.o(.bss.L) for L
    project2mcu1.o(.text.Switch_Init) refers to project2mcu1.o(.bss.H) for H
    project2mcu1.o(.ARM.exidx.text.Switch_Init) refers to project2mcu1.o(.text.Switch_Init) for [Anonymous Symbol]
    project2mcu1.o(.text.SysTick_Handler) refers to project2mcu1.o(.bss.currentLED) for currentLED
    project2mcu1.o(.text.SysTick_Handler) refers to project2mcu1.o(.bss.L) for L
    project2mcu1.o(.text.SysTick_Handler) refers to project2mcu1.o(.bss.H) for H
    project2mcu1.o(.ARM.exidx.text.SysTick_Handler) refers to project2mcu1.o(.text.SysTick_Handler) for [Anonymous Symbol]
    project2mcu1.o(.text.Display_Menu) refers to project2mcu1.o(.rodata.str1.1) for .L.str.20
    project2mcu1.o(.text.Display_Menu) refers to uart0.o(.text.UART0_OutString) for UART0_OutString
    project2mcu1.o(.text.Display_Menu) refers to uart0.o(.text.OutCRLF0) for OutCRLF0
    project2mcu1.o(.ARM.exidx.text.Display_Menu) refers to project2mcu1.o(.text.Display_Menu) for [Anonymous Symbol]
    project2mcu1.o(.text.Mode1) refers to uart0.o(.text.OutCRLF0) for OutCRLF0
    project2mcu1.o(.text.Mode1) refers to project2mcu1.o(.rodata.str1.1) for .L.str
    project2mcu1.o(.text.Mode1) refers to uart0.o(.text.UART0_OutString) for UART0_OutString
    project2mcu1.o(.text.Mode1) refers to uart0.o(.text.UART0_InChar) for UART0_InChar
    project2mcu1.o(.text.Mode1) refers to uart0.o(.text.charToHex) for charToHex
    project2mcu1.o(.text.Mode1) refers to project2mcu1.o(.bss.currentLED) for currentLED
    project2mcu1.o(.text.Mode1) refers to uart0.o(.text.UART0_InUDec) for UART0_InUDec
    project2mcu1.o(.text.Mode1) refers to dflt_clz.o(x$fpl$dfltu) for __aeabi_ui2d
    project2mcu1.o(.text.Mode1) refers to dmul.o(x$fpl$dmul) for __aeabi_dmul
    project2mcu1.o(.text.Mode1) refers to ddiv.o(x$fpl$ddiv) for __aeabi_ddiv
    project2mcu1.o(.text.Mode1) refers to dfixu.o(x$fpl$dfixu) for __aeabi_d2uiz
    project2mcu1.o(.text.Mode1) refers to project2mcu1.o(.bss.H) for H
    project2mcu1.o(.text.Mode1) refers to project2mcu1.o(.bss.L) for L
    project2mcu1.o(.text.Mode1) refers to uart0.o(.text.UART0_OutUDec) for UART0_OutUDec
    project2mcu1.o(.ARM.exidx.text.Mode1) refers to project2mcu1.o(.text.Mode1) for [Anonymous Symbol]
    project2mcu1.o(.ARM.exidx.text.Mode2) refers to project2mcu1.o(.text.Mode2) for [Anonymous Symbol]
    project2mcu1.o(.ARM.exidx.text.Mode3) refers to project2mcu1.o(.text.Mode3) for [Anonymous Symbol]
    __main.o(!!!main) refers to __rtentry.o(.ARM.Collect$$rtentry$$00000000) for __rt_entry
    ddiv.o(x$fpl$drdiv) refers (Special) to usenofp.o(x$fpl$usenofp) for __I$use$fp
    ddiv.o(x$fpl$drdiv) refers to ddiv.o(x$fpl$ddiv) for ddiv_entry
    ddiv.o(x$fpl$ddiv) refers (Special) to usenofp.o(x$fpl$usenofp) for __I$use$fp
    ddiv.o(x$fpl$ddiv) refers to dretinf.o(x$fpl$dretinf) for __fpl_dretinf
    ddiv.o(x$fpl$ddiv) refers to dnaninf.o(x$fpl$dnaninf) for __fpl_dnaninf
    dfixu.o(x$fpl$dfixu) refers (Special) to usenofp.o(x$fpl$usenofp) for __I$use$fp
    dfixu.o(x$fpl$dfixu) refers to dnaninf.o(x$fpl$dnaninf) for __fpl_dnaninf
    dfixu.o(x$fpl$dfixur) refers (Special) to usenofp.o(x$fpl$usenofp) for __I$use$fp
    dfixu.o(x$fpl$dfixur) refers to dnaninf.o(x$fpl$dnaninf) for __fpl_dnaninf
    dflt_clz.o(x$fpl$dfltu) refers (Special) to usenofp.o(x$fpl$usenofp) for __I$use$fp
    dflt_clz.o(x$fpl$dflt) refers (Special) to usenofp.o(x$fpl$usenofp) for __I$use$fp
    dflt_clz.o(x$fpl$dfltn) refers (Special) to usenofp.o(x$fpl$usenofp) for __I$use$fp
    dmul.o(x$fpl$dmul) refers (Special) to usenofp.o(x$fpl$usenofp) for __I$use$fp
    dmul.o(x$fpl$dmul) refers to dretinf.o(x$fpl$dretinf) for __fpl_dretinf
    dmul.o(x$fpl$dmul) refers to dnaninf.o(x$fpl$dnaninf) for __fpl_dnaninf
    __rtentry.o(.ARM.Collect$$rtentry$$00000000) refers (Special) to __rtentry2.o(.ARM.Collect$$rtentry$$0000000A) for __rt_entry_li
    __rtentry.o(.ARM.Collect$$rtentry$$00000000) refers (Special) to __rtentry2.o(.ARM.Collect$$rtentry$$0000000D) for __rt_entry_main
    __rtentry.o(.ARM.Collect$$rtentry$$00000000) refers (Special) to __rtentry2.o(.ARM.Collect$$rtentry$$0000000C) for __rt_entry_postli_1
    __rtentry.o(.ARM.Collect$$rtentry$$00000000) refers (Special) to __rtentry2.o(.ARM.Collect$$rtentry$$00000009) for __rt_entry_postsh_1
    __rtentry.o(.ARM.Collect$$rtentry$$00000000) refers (Special) to __rtentry2.o(.ARM.Collect$$rtentry$$00000002) for __rt_entry_presh_1
    __rtentry.o(.ARM.Collect$$rtentry$$00000000) refers (Special) to __rtentry4.o(.ARM.Collect$$rtentry$$00000004) for __rt_entry_sh
    dnaninf.o(x$fpl$dnaninf) refers (Special) to usenofp.o(x$fpl$usenofp) for __I$use$fp
    dretinf.o(x$fpl$dretinf) refers (Special) to usenofp.o(x$fpl$usenofp) for __I$use$fp
    __rtentry2.o(.ARM.Collect$$rtentry$$00000008) refers to boardinit2.o(.text) for _platform_post_stackheap_init
    __rtentry2.o(.ARM.Collect$$rtentry$$0000000A) refers to libinit.o(.ARM.Collect$$libinit$$00000000) for __rt_lib_init
    __rtentry2.o(.ARM.Collect$$rtentry$$0000000B) refers to boardinit3.o(.text) for _platform_post_lib_init
    __rtentry2.o(.ARM.Collect$$rtentry$$0000000D) refers to project2mcu1.o(.text.main) for main
    __rtentry2.o(.ARM.Collect$$rtentry$$0000000D) refers to exit.o(.text) for exit
    __rtentry2.o(.ARM.exidx) refers to __rtentry2.o(.ARM.Collect$$rtentry$$00000001) for .ARM.Collect$$rtentry$$00000001
    __rtentry2.o(.ARM.exidx) refers to __rtentry2.o(.ARM.Collect$$rtentry$$00000008) for .ARM.Collect$$rtentry$$00000008
    __rtentry2.o(.ARM.exidx) refers to __rtentry2.o(.ARM.Collect$$rtentry$$0000000A) for .ARM.Collect$$rtentry$$0000000A
    __rtentry2.o(.ARM.exidx) refers to __rtentry2.o(.ARM.Collect$$rtentry$$0000000B) for .ARM.Collect$$rtentry$$0000000B
    __rtentry2.o(.ARM.exidx) refers to __rtentry2.o(.ARM.Collect$$rtentry$$0000000D) for .ARM.Collect$$rtentry$$0000000D
    __rtentry4.o(.ARM.Collect$$rtentry$$00000004) refers to sys_stackheap_outer.o(.text) for __user_setup_stackheap
    __rtentry4.o(.ARM.exidx) refers to __rtentry4.o(.ARM.Collect$$rtentry$$00000004) for .ARM.Collect$$rtentry$$00000004
    sys_stackheap_outer.o(.text) refers to libspace.o(.text) for __user_perproc_libspace
    sys_stackheap_outer.o(.text) refers to startup.o(.text) for __user_initial_stackheap
    exit.o(.text) refers to rtexit.o(.ARM.Collect$$rtexit$$00000000) for __rt_exit
    libinit.o(.ARM.Collect$$libinit$$00000000) refers (Special) to libinit2.o(.ARM.Collect$$libinit$$00000030) for __rt_lib_init_alloca_1
    libinit.o(.ARM.Collect$$libinit$$00000000) refers (Special) to libinit2.o(.ARM.Collect$$libinit$$0000002E) for __rt_lib_init_argv_1
    libinit.o(.ARM.Collect$$libinit$$00000000) refers (Special) to libinit2.o(.ARM.Collect$$libinit$$0000001D) for __rt_lib_init_atexit_1
    libinit.o(.ARM.Collect$$libinit$$00000000) refers (Special) to libinit2.o(.ARM.Collect$$libinit$$00000023) for __rt_lib_init_clock_1
    libinit.o(.ARM.Collect$$libinit$$00000000) refers (Special) to libinit2.o(.ARM.Collect$$libinit$$00000034) for __rt_lib_init_cpp_1
    libinit.o(.ARM.Collect$$libinit$$00000000) refers (Special) to libinit2.o(.ARM.Collect$$libinit$$00000032) for __rt_lib_init_exceptions_1
    libinit.o(.ARM.Collect$$libinit$$00000000) refers (Special) to libinit2.o(.ARM.Collect$$libinit$$00000002) for __rt_lib_init_fp_1
    libinit.o(.ARM.Collect$$libinit$$00000000) refers (Special) to libinit2.o(.ARM.Collect$$libinit$$00000021) for __rt_lib_init_fp_trap_1
    libinit.o(.ARM.Collect$$libinit$$00000000) refers (Special) to libinit2.o(.ARM.Collect$$libinit$$00000025) for __rt_lib_init_getenv_1
    libinit.o(.ARM.Collect$$libinit$$00000000) refers (Special) to libinit2.o(.ARM.Collect$$libinit$$0000000C) for __rt_lib_init_heap_1
    libinit.o(.ARM.Collect$$libinit$$00000000) refers (Special) to libinit2.o(.ARM.Collect$$libinit$$00000013) for __rt_lib_init_lc_collate_1
    libinit.o(.ARM.Collect$$libinit$$00000000) refers (Special) to libinit2.o(.ARM.Collect$$libinit$$00000015) for __rt_lib_init_lc_ctype_1
    libinit.o(.ARM.Collect$$libinit$$00000000) refers (Special) to libinit2.o(.ARM.Collect$$libinit$$00000017) for __rt_lib_init_lc_monetary_1
    libinit.o(.ARM.Collect$$libinit$$00000000) refers (Special) to libinit2.o(.ARM.Collect$$libinit$$00000019) for __rt_lib_init_lc_numeric_1
    libinit.o(.ARM.Collect$$libinit$$00000000) refers (Special) to libinit2.o(.ARM.Collect$$libinit$$0000001B) for __rt_lib_init_lc_time_1
    libinit.o(.ARM.Collect$$libinit$$00000000) refers (Special) to libinit2.o(.ARM.Collect$$libinit$$00000006) for __rt_lib_init_preinit_1
    libinit.o(.ARM.Collect$$libinit$$00000000) refers (Special) to libinit2.o(.ARM.Collect$$libinit$$00000010) for __rt_lib_init_rand_1
    libinit.o(.ARM.Collect$$libinit$$00000000) refers (Special) to libinit2.o(.ARM.Collect$$libinit$$00000004) for __rt_lib_init_relocate_pie_1
    libinit.o(.ARM.Collect$$libinit$$00000000) refers (Special) to libinit2.o(.ARM.Collect$$libinit$$00000035) for __rt_lib_init_return
    libinit.o(.ARM.Collect$$libinit$$00000000) refers (Special) to libinit2.o(.ARM.Collect$$libinit$$0000001F) for __rt_lib_init_signal_1
    libinit.o(.ARM.Collect$$libinit$$00000000) refers (Special) to libinit2.o(.ARM.Collect$$libinit$$00000027) for __rt_lib_init_stdio_1
    libinit.o(.ARM.Collect$$libinit$$00000000) refers (Special) to libinit2.o(.ARM.Collect$$libinit$$0000000E) for __rt_lib_init_user_alloc_1
    libspace.o(.text) refers to libspace.o(.bss) for __libspace_start
    rtexit.o(.ARM.Collect$$rtexit$$00000000) refers (Special) to rtexit2.o(.ARM.Collect$$rtexit$$00000004) for __rt_exit_exit
    rtexit.o(.ARM.Collect$$rtexit$$00000000) refers (Special) to rtexit2.o(.ARM.Collect$$rtexit$$00000003) for __rt_exit_ls
    rtexit.o(.ARM.Collect$$rtexit$$00000000) refers (Special) to rtexit2.o(.ARM.Collect$$rtexit$$00000002) for __rt_exit_prels_1
    rtexit.o(.ARM.exidx) refers (Special) to rtexit2.o(.ARM.Collect$$rtexit$$00000004) for __rt_exit_exit
    rtexit.o(.ARM.exidx) refers (Special) to rtexit2.o(.ARM.Collect$$rtexit$$00000003) for __rt_exit_ls
    rtexit.o(.ARM.exidx) refers (Special) to rtexit2.o(.ARM.Collect$$rtexit$$00000002) for __rt_exit_prels_1
    rtexit.o(.ARM.exidx) refers to rtexit.o(.ARM.Collect$$rtexit$$00000000) for .ARM.Collect$$rtexit$$00000000
    libinit2.o(.ARM.Collect$$libinit$$00000012) refers to libinit2.o(.ARM.Collect$$libinit$$00000011) for .ARM.Collect$$libinit$$00000011
    libinit2.o(.ARM.Collect$$libinit$$00000014) refers to libinit2.o(.ARM.Collect$$libinit$$00000011) for .ARM.Collect$$libinit$$00000011
    libinit2.o(.ARM.Collect$$libinit$$00000016) refers to libinit2.o(.ARM.Collect$$libinit$$00000011) for .ARM.Collect$$libinit$$00000011
    libinit2.o(.ARM.Collect$$libinit$$00000018) refers to libinit2.o(.ARM.Collect$$libinit$$00000011) for .ARM.Collect$$libinit$$00000011
    libinit2.o(.ARM.Collect$$libinit$$0000001A) refers to libinit2.o(.ARM.Collect$$libinit$$00000011) for .ARM.Collect$$libinit$$00000011
    libinit2.o(.ARM.Collect$$libinit$$00000028) refers to argv_veneer.o(.emb_text) for __ARM_argv_veneer
    libinit2.o(.ARM.Collect$$libinit$$00000029) refers to argv_veneer.o(.emb_text) for __ARM_argv_veneer
    rtexit2.o(.ARM.Collect$$rtexit$$00000003) refers to libshutdown.o(.ARM.Collect$$libshutdown$$00000000) for __rt_lib_shutdown
    rtexit2.o(.ARM.Collect$$rtexit$$00000004) refers to sys_exit.o(.text) for _sys_exit
    rtexit2.o(.ARM.exidx) refers to rtexit2.o(.ARM.Collect$$rtexit$$00000001) for .ARM.Collect$$rtexit$$00000001
    rtexit2.o(.ARM.exidx) refers to rtexit2.o(.ARM.Collect$$rtexit$$00000003) for .ARM.Collect$$rtexit$$00000003
    rtexit2.o(.ARM.exidx) refers to rtexit2.o(.ARM.Collect$$rtexit$$00000004) for .ARM.Collect$$rtexit$$00000004
    argv_veneer.o(.emb_text) refers to no_argv.o(.text) for __ARM_get_argv
    sys_exit.o(.text) refers (Special) to use_no_semi.o(.text) for __I$use$semihosting
    sys_exit.o(.text) refers (Special) to indicate_semi.o(.text) for __semihosting_library_function
    sys_exit_hlt.o(.text) refers (Special) to use_no_semi.o(.text) for __I$use$semihosting
    sys_exit_hlt.o(.text) refers (Special) to indicate_semi.o(.text) for __semihosting_library_function
    _get_argv_nomalloc.o(.text) refers (Special) to hrguard.o(.text) for __heap_region$guard
    _get_argv_nomalloc.o(.text) refers to defsig_rtmem_outer.o(.text) for __rt_SIGRTMEM
    _get_argv_nomalloc.o(.text) refers to sys_command.o(.text) for _sys_command_string
    libshutdown.o(.ARM.Collect$$libshutdown$$00000000) refers (Special) to libshutdown2.o(.ARM.Collect$$libshutdown$$00000002) for __rt_lib_shutdown_cpp_1
    libshutdown.o(.ARM.Collect$$libshutdown$$00000000) refers (Special) to libshutdown2.o(.ARM.Collect$$libshutdown$$00000007) for __rt_lib_shutdown_fp_trap_1
    libshutdown.o(.ARM.Collect$$libshutdown$$00000000) refers (Special) to libshutdown2.o(.ARM.Collect$$libshutdown$$0000000F) for __rt_lib_shutdown_heap_1
    libshutdown.o(.ARM.Collect$$libshutdown$$00000000) refers (Special) to libshutdown2.o(.ARM.Collect$$libshutdown$$00000010) for __rt_lib_shutdown_return
    libshutdown.o(.ARM.Collect$$libshutdown$$00000000) refers (Special) to libshutdown2.o(.ARM.Collect$$libshutdown$$0000000A) for __rt_lib_shutdown_signal_1
    libshutdown.o(.ARM.Collect$$libshutdown$$00000000) refers (Special) to libshutdown2.o(.ARM.Collect$$libshutdown$$00000004) for __rt_lib_shutdown_stdio_1
    libshutdown.o(.ARM.Collect$$libshutdown$$00000000) refers (Special) to libshutdown2.o(.ARM.Collect$$libshutdown$$0000000C) for __rt_lib_shutdown_user_alloc_1
    sys_command.o(.text) refers (Special) to use_no_semi.o(.text) for __I$use$semihosting
    sys_command.o(.text) refers (Special) to indicate_semi.o(.text) for __semihosting_library_function
    sys_command_hlt.o(.text) refers (Special) to use_no_semi.o(.text) for __I$use$semihosting
    sys_command_hlt.o(.text) refers (Special) to indicate_semi.o(.text) for __semihosting_library_function
    defsig_rtmem_outer.o(.text) refers to defsig_rtmem_inner.o(.text) for __rt_SIGRTMEM_inner
    defsig_rtmem_outer.o(.text) refers to defsig_exit.o(.text) for __sig_exit
    defsig_rtmem_formal.o(.text) refers to rt_raise.o(.text) for __rt_raise
    rt_raise.o(.text) refers to __raise.o(.text) for __raise
    rt_raise.o(.text) refers to sys_exit.o(.text) for _sys_exit
    defsig_exit.o(.text) refers to sys_exit.o(.text) for _sys_exit
    defsig_rtmem_inner.o(.text) refers to defsig_general.o(.text) for __default_signal_display
    __raise.o(.text) refers to defsig.o(CL$$defsig) for __default_signal_handler
    defsig_general.o(.text) refers to sys_wrch.o(.text) for _ttywrch
    sys_wrch.o(.text) refers (Special) to use_no_semi.o(.text) for __I$use$semihosting
    sys_wrch.o(.text) refers (Special) to indicate_semi.o(.text) for __semihosting_library_function
    sys_wrch_hlt.o(.text) refers (Special) to use_no_semi.o(.text) for __I$use$semihosting
    sys_wrch_hlt.o(.text) refers (Special) to indicate_semi.o(.text) for __semihosting_library_function
    defsig.o(CL$$defsig) refers to defsig_rtmem_inner.o(.text) for __rt_SIGRTMEM_inner
    defsig_abrt_inner.o(.text) refers to defsig_general.o(.text) for __default_signal_display
    defsig_fpe_inner.o(.text) refers to defsig_general.o(.text) for __default_signal_display
    defsig_rtred_inner.o(.text) refers to defsig_general.o(.text) for __default_signal_display
    defsig_stak_inner.o(.text) refers to defsig_general.o(.text) for __default_signal_display
    defsig_pvfn_inner.o(.text) refers to defsig_general.o(.text) for __default_signal_display
    defsig_cppl_inner.o(.text) refers to defsig_general.o(.text) for __default_signal_display
    defsig_segv_inner.o(.text) refers to defsig_general.o(.text) for __default_signal_display
    defsig_other.o(.text) refers to defsig_general.o(.text) for __default_signal_display


==============================================================================

Removing Unused input sections from the image.

    Removing pll.o(.text), (0 bytes).
    Removing pll.o(.ARM.exidx.text.PLL_Init), (8 bytes).
    Removing uart0.o(.text), (0 bytes).
    Removing uart0.o(.ARM.exidx.text.UART0_Init), (8 bytes).
    Removing uart0.o(.ARM.exidx.text.OutCRLF0), (8 bytes).
    Removing uart0.o(.ARM.exidx.text.UART0_OutChar), (8 bytes).
    Removing uart0.o(.ARM.exidx.text.UART0_InChar), (8 bytes).
    Removing uart0.o(.ARM.exidx.text.UART0_OutString), (8 bytes).
    Removing uart0.o(.ARM.exidx.text.UART0_InUDec), (8 bytes).
    Removing uart0.o(.ARM.exidx.text.UART0_OutUDec), (8 bytes).
    Removing uart0.o(.text.UART0_InUHex), (218 bytes).
    Removing uart0.o(.ARM.exidx.text.UART0_InUHex), (8 bytes).
    Removing uart0.o(.text.UART0_OutUHex), (72 bytes).
    Removing uart0.o(.ARM.exidx.text.UART0_OutUHex), (8 bytes).
    Removing uart0.o(.text.UART0_InString), (136 bytes).
    Removing uart0.o(.ARM.exidx.text.UART0_InString), (8 bytes).
    Removing uart0.o(.ARM.exidx.text.charToHex), (8 bytes).
    Removing project2mcu1.o(.text), (0 bytes).
    Removing project2mcu1.o(.ARM.exidx.text.main), (8 bytes).
    Removing project2mcu1.o(.ARM.exidx.text.Switch_Init), (8 bytes).
    Removing project2mcu1.o(.ARM.exidx.text.SysTick_Handler), (8 bytes).
    Removing project2mcu1.o(.ARM.exidx.text.Display_Menu), (8 bytes).
    Removing project2mcu1.o(.ARM.exidx.text.Mode1), (8 bytes).
    Removing project2mcu1.o(.ARM.exidx.text.Mode2), (8 bytes).
    Removing project2mcu1.o(.ARM.exidx.text.Mode3), (8 bytes).
    Removing project2mcu1.o(.rodata.color_wheel), (0 bytes).
    Removing project2mcu1.o(.ARM.use_no_argv), (4 bytes).

27 unused section(s) (total 582 bytes) removed from the image.

==============================================================================

Image Symbol Table

    Local Symbols

    Symbol Name                              Value     Ov Type        Size  Object(Section)

    ../clib/angel/boardlib.s                 0x00000000   Number         0  boardinit1.o ABSOLUTE
    ../clib/angel/boardlib.s                 0x00000000   Number         0  boardinit2.o ABSOLUTE
    ../clib/angel/boardlib.s                 0x00000000   Number         0  boardinit3.o ABSOLUTE
    ../clib/angel/boardlib.s                 0x00000000   Number         0  boardshut.o ABSOLUTE
    ../clib/angel/handlers.s                 0x00000000   Number         0  __scatter_zi.o ABSOLUTE
    ../clib/angel/kernel.s                   0x00000000   Number         0  __rtentry.o ABSOLUTE
    ../clib/angel/kernel.s                   0x00000000   Number         0  __rtentry2.o ABSOLUTE
    ../clib/angel/kernel.s                   0x00000000   Number         0  __rtentry4.o ABSOLUTE
    ../clib/angel/kernel.s                   0x00000000   Number         0  rtexit.o ABSOLUTE
    ../clib/angel/kernel.s                   0x00000000   Number         0  rtexit2.o ABSOLUTE
    ../clib/angel/rt.s                       0x00000000   Number         0  rt_raise.o ABSOLUTE
    ../clib/angel/scatter.s                  0x00000000   Number         0  __scatter.o ABSOLUTE
    ../clib/angel/startup.s                  0x00000000   Number         0  __main.o ABSOLUTE
    ../clib/angel/sys.s                      0x00000000   Number         0  sys_stackheap_outer.o ABSOLUTE
    ../clib/angel/sys.s                      0x00000000   Number         0  libspace.o ABSOLUTE
    ../clib/angel/sys.s                      0x00000000   Number         0  use_no_semi.o ABSOLUTE
    ../clib/angel/sys.s                      0x00000000   Number         0  indicate_semi.o ABSOLUTE
    ../clib/angel/sysapp.c                   0x00000000   Number         0  sys_exit.o ABSOLUTE
    ../clib/angel/sysapp.c                   0x00000000   Number         0  sys_exit_hlt.o ABSOLUTE
    ../clib/angel/sysapp.c                   0x00000000   Number         0  sys_command.o ABSOLUTE
    ../clib/angel/sysapp.c                   0x00000000   Number         0  sys_command_hlt.o ABSOLUTE
    ../clib/angel/sysapp.c                   0x00000000   Number         0  sys_wrch.o ABSOLUTE
    ../clib/angel/sysapp.c                   0x00000000   Number         0  sys_wrch_hlt.o ABSOLUTE
    ../clib/armsys.c                         0x00000000   Number         0  argv_veneer.o ABSOLUTE
    ../clib/armsys.c                         0x00000000   Number         0  argv_veneer.o ABSOLUTE
    ../clib/armsys.c                         0x00000000   Number         0  _get_argv_nomalloc.o ABSOLUTE
    ../clib/armsys.c                         0x00000000   Number         0  no_argv.o ABSOLUTE
    ../clib/heapalloc.c                      0x00000000   Number         0  hrguard.o ABSOLUTE
    ../clib/heapaux.c                        0x00000000   Number         0  heapauxi.o ABSOLUTE
    ../clib/libinit.s                        0x00000000   Number         0  libinit.o ABSOLUTE
    ../clib/libinit.s                        0x00000000   Number         0  libinit2.o ABSOLUTE
    ../clib/libinit.s                        0x00000000   Number         0  libshutdown.o ABSOLUTE
    ../clib/libinit.s                        0x00000000   Number         0  libshutdown2.o ABSOLUTE
    ../clib/signal.c                         0x00000000   Number         0  defsig_rtmem_outer.o ABSOLUTE
    ../clib/signal.c                         0x00000000   Number         0  defsig_rtmem_formal.o ABSOLUTE
    ../clib/signal.c                         0x00000000   Number         0  defsig_exit.o ABSOLUTE
    ../clib/signal.c                         0x00000000   Number         0  defsig_rtmem_inner.o ABSOLUTE
    ../clib/signal.c                         0x00000000   Number         0  __raise.o ABSOLUTE
    ../clib/signal.c                         0x00000000   Number         0  defsig_general.o ABSOLUTE
    ../clib/signal.c                         0x00000000   Number         0  defsig_abrt_inner.o ABSOLUTE
    ../clib/signal.c                         0x00000000   Number         0  defsig_fpe_inner.o ABSOLUTE
    ../clib/signal.c                         0x00000000   Number         0  defsig_rtred_inner.o ABSOLUTE
    ../clib/signal.c                         0x00000000   Number         0  defsig_stak_inner.o ABSOLUTE
    ../clib/signal.c                         0x00000000   Number         0  defsig_pvfn_inner.o ABSOLUTE
    ../clib/signal.c                         0x00000000   Number         0  defsig_cppl_inner.o ABSOLUTE
    ../clib/signal.c                         0x00000000   Number         0  defsig_segv_inner.o ABSOLUTE
    ../clib/signal.c                         0x00000000   Number         0  defsig_other.o ABSOLUTE
    ../clib/signal.s                         0x00000000   Number         0  defsig.o ABSOLUTE
    ../clib/stdlib.c                         0x00000000   Number         0  exit.o ABSOLUTE
    ../fplib/ddiv.s                          0x00000000   Number         0  ddiv.o ABSOLUTE
    ../fplib/dfixu.s                         0x00000000   Number         0  dfixu.o ABSOLUTE
    ../fplib/dflt.s                          0x00000000   Number         0  dflt_clz.o ABSOLUTE
    ../fplib/dmul.s                          0x00000000   Number         0  dmul.o ABSOLUTE
    ../fplib/dnaninf.s                       0x00000000   Number         0  dnaninf.o ABSOLUTE
    ../fplib/dretinf.s                       0x00000000   Number         0  dretinf.o ABSOLUTE
    ../fplib/fpinit.s                        0x00000000   Number         0  fpinit.o ABSOLUTE
    ../fplib/fpinit_empty.s                  0x00000000   Number         0  fpinit_empty.o ABSOLUTE
    ../fplib/usenofp.s                       0x00000000   Number         0  usenofp.o ABSOLUTE
    PLL.c                                    0x00000000   Number         0  pll.o ABSOLUTE
    Project2MCU1.c                           0x00000000   Number         0  project2mcu1.o ABSOLUTE
    UART0.c                                  0x00000000   Number         0  uart0.o ABSOLUTE
    dc.s                                     0x00000000   Number         0  dc.o ABSOLUTE
    startup.s                                0x00000000   Number         0  startup.o ABSOLUTE
    RESET                                    0x00000000   Section      644  startup.o(RESET)
    !!!main                                  0x00000284   Section        8  __main.o(!!!main)
    !!!scatter                               0x0000028c   Section       52  __scatter.o(!!!scatter)
    !!handler_zi                             0x000002c0   Section       28  __scatter_zi.o(!!handler_zi)
    .ARM.Collect$$libinit$$00000000          0x000002dc   Section        2  libinit.o(.ARM.Collect$$libinit$$00000000)
    .ARM.Collect$$libinit$$00000002          0x000002de   Section        0  libinit2.o(.ARM.Collect$$libinit$$00000002)
    .ARM.Collect$$libinit$$00000004          0x000002de   Section        0  libinit2.o(.ARM.Collect$$libinit$$00000004)
    .ARM.Collect$$libinit$$00000006          0x000002de   Section        0  libinit2.o(.ARM.Collect$$libinit$$00000006)
    .ARM.Collect$$libinit$$0000000C          0x000002de   Section        0  libinit2.o(.ARM.Collect$$libinit$$0000000C)
    .ARM.Collect$$libinit$$0000000E          0x000002de   Section        0  libinit2.o(.ARM.Collect$$libinit$$0000000E)
    .ARM.Collect$$libinit$$00000010          0x000002de   Section        0  libinit2.o(.ARM.Collect$$libinit$$00000010)
    .ARM.Collect$$libinit$$00000013          0x000002de   Section        0  libinit2.o(.ARM.Collect$$libinit$$00000013)
    .ARM.Collect$$libinit$$00000015          0x000002de   Section        0  libinit2.o(.ARM.Collect$$libinit$$00000015)
    .ARM.Collect$$libinit$$00000017          0x000002de   Section        0  libinit2.o(.ARM.Collect$$libinit$$00000017)
    .ARM.Collect$$libinit$$00000019          0x000002de   Section        0  libinit2.o(.ARM.Collect$$libinit$$00000019)
    .ARM.Collect$$libinit$$0000001B          0x000002de   Section        0  libinit2.o(.ARM.Collect$$libinit$$0000001B)
    .ARM.Collect$$libinit$$0000001D          0x000002de   Section        0  libinit2.o(.ARM.Collect$$libinit$$0000001D)
    .ARM.Collect$$libinit$$0000001F          0x000002de   Section        0  libinit2.o(.ARM.Collect$$libinit$$0000001F)
    .ARM.Collect$$libinit$$00000021          0x000002de   Section        0  libinit2.o(.ARM.Collect$$libinit$$00000021)
    .ARM.Collect$$libinit$$00000023          0x000002de   Section        0  libinit2.o(.ARM.Collect$$libinit$$00000023)
    .ARM.Collect$$libinit$$00000025          0x000002de   Section        0  libinit2.o(.ARM.Collect$$libinit$$00000025)
    .ARM.Collect$$libinit$$00000027          0x000002de   Section        0  libinit2.o(.ARM.Collect$$libinit$$00000027)
    .ARM.Collect$$libinit$$0000002E          0x000002de   Section        0  libinit2.o(.ARM.Collect$$libinit$$0000002E)
    .ARM.Collect$$libinit$$00000030          0x000002de   Section        0  libinit2.o(.ARM.Collect$$libinit$$00000030)
    .ARM.Collect$$libinit$$00000032          0x000002de   Section        0  libinit2.o(.ARM.Collect$$libinit$$00000032)
    .ARM.Collect$$libinit$$00000034          0x000002de   Section        0  libinit2.o(.ARM.Collect$$libinit$$00000034)
    .ARM.Collect$$libinit$$00000035          0x000002de   Section        2  libinit2.o(.ARM.Collect$$libinit$$00000035)
    .ARM.Collect$$libshutdown$$00000000      0x000002e0   Section        2  libshutdown.o(.ARM.Collect$$libshutdown$$00000000)
    .ARM.Collect$$libshutdown$$00000002      0x000002e2   Section        0  libshutdown2.o(.ARM.Collect$$libshutdown$$00000002)
    .ARM.Collect$$libshutdown$$00000004      0x000002e2   Section        0  libshutdown2.o(.ARM.Collect$$libshutdown$$00000004)
    .ARM.Collect$$libshutdown$$00000007      0x000002e2   Section        0  libshutdown2.o(.ARM.Collect$$libshutdown$$00000007)
    .ARM.Collect$$libshutdown$$0000000A      0x000002e2   Section        0  libshutdown2.o(.ARM.Collect$$libshutdown$$0000000A)
    .ARM.Collect$$libshutdown$$0000000C      0x000002e2   Section        0  libshutdown2.o(.ARM.Collect$$libshutdown$$0000000C)
    .ARM.Collect$$libshutdown$$0000000F      0x000002e2   Section        0  libshutdown2.o(.ARM.Collect$$libshutdown$$0000000F)
    .ARM.Collect$$libshutdown$$00000010      0x000002e2   Section        2  libshutdown2.o(.ARM.Collect$$libshutdown$$00000010)
    .ARM.Collect$$rtentry$$00000000          0x000002e4   Section        0  __rtentry.o(.ARM.Collect$$rtentry$$00000000)
    .ARM.Collect$$rtentry$$00000002          0x000002e4   Section        0  __rtentry2.o(.ARM.Collect$$rtentry$$00000002)
    .ARM.Collect$$rtentry$$00000004          0x000002e4   Section        6  __rtentry4.o(.ARM.Collect$$rtentry$$00000004)
    .ARM.Collect$$rtentry$$00000009          0x000002ea   Section        0  __rtentry2.o(.ARM.Collect$$rtentry$$00000009)
    .ARM.Collect$$rtentry$$0000000A          0x000002ea   Section        4  __rtentry2.o(.ARM.Collect$$rtentry$$0000000A)
    .ARM.Collect$$rtentry$$0000000C          0x000002ee   Section        0  __rtentry2.o(.ARM.Collect$$rtentry$$0000000C)
    .ARM.Collect$$rtentry$$0000000D          0x000002ee   Section        8  __rtentry2.o(.ARM.Collect$$rtentry$$0000000D)
    .ARM.Collect$$rtexit$$00000000           0x000002f6   Section        2  rtexit.o(.ARM.Collect$$rtexit$$00000000)
    .ARM.Collect$$rtexit$$00000002           0x000002f8   Section        0  rtexit2.o(.ARM.Collect$$rtexit$$00000002)
    .ARM.Collect$$rtexit$$00000003           0x000002f8   Section        4  rtexit2.o(.ARM.Collect$$rtexit$$00000003)
    .ARM.Collect$$rtexit$$00000004           0x000002fc   Section        6  rtexit2.o(.ARM.Collect$$rtexit$$00000004)
    .text                                    0x00000304   Section       48  startup.o(.text)
    .text                                    0x00000334   Section        0  heapauxi.o(.text)
    .text                                    0x0000033a   Section       74  sys_stackheap_outer.o(.text)
    .text                                    0x00000384   Section        0  exit.o(.text)
    .text                                    0x00000398   Section        8  libspace.o(.text)
    .text                                    0x000003a0   Section        0  sys_exit.o(.text)
    .text                                    0x000003ac   Section        2  use_no_semi.o(.text)
    .text                                    0x000003ae   Section        0  indicate_semi.o(.text)
    [Anonymous Symbol]                       0x000003b0   Section        0  project2mcu1.o(.text.Display_Menu)
    [Anonymous Symbol]                       0x00000414   Section        0  project2mcu1.o(.text.Mode1)
    [Anonymous Symbol]                       0x000006c4   Section        0  project2mcu1.o(.text.Mode2)
    [Anonymous Symbol]                       0x000006c8   Section        0  project2mcu1.o(.text.Mode3)
    [Anonymous Symbol]                       0x000006cc   Section        0  uart0.o(.text.OutCRLF0)
    [Anonymous Symbol]                       0x000006dc   Section        0  pll.o(.text.PLL_Init)
    [Anonymous Symbol]                       0x00000760   Section        0  project2mcu1.o(.text.Switch_Init)
    [Anonymous Symbol]                       0x00000864   Section        0  project2mcu1.o(.text.SysTick_Handler)
    [Anonymous Symbol]                       0x0000090c   Section        0  uart0.o(.text.UART0_InChar)
    [Anonymous Symbol]                       0x00000930   Section        0  uart0.o(.text.UART0_InUDec)
    [Anonymous Symbol]                       0x000009c8   Section        0  uart0.o(.text.UART0_Init)
    [Anonymous Symbol]                       0x00000ae4   Section        0  uart0.o(.text.UART0_OutChar)
    [Anonymous Symbol]                       0x00000b14   Section        0  uart0.o(.text.UART0_OutString)
    [Anonymous Symbol]                       0x00000b38   Section        0  uart0.o(.text.UART0_OutUDec)
    [Anonymous Symbol]                       0x00000b80   Section        0  uart0.o(.text.charToHex)
    [Anonymous Symbol]                       0x00000c04   Section        0  project2mcu1.o(.text.main)
    x$fpl$ddiv                               0x00000c68   Section      692  ddiv.o(x$fpl$ddiv)
    ddiv_entry                               0x00000c6f   Thumb Code     0  ddiv.o(x$fpl$ddiv)
    x$fpl$dfixu                              0x00000f1c   Section       90  dfixu.o(x$fpl$dfixu)
    x$fpl$dfltu                              0x00000f76   Section       38  dflt_clz.o(x$fpl$dfltu)
    x$fpl$dmul                               0x00000f9c   Section      340  dmul.o(x$fpl$dmul)
    x$fpl$dnaninf                            0x000010f0   Section      156  dnaninf.o(x$fpl$dnaninf)
    x$fpl$dretinf                            0x0000118c   Section       12  dretinf.o(x$fpl$dretinf)
    .L.str.18                                0x00001198   Data          21  project2mcu1.o(.rodata.str1.1)
    [Anonymous Symbol]                       0x00001198   Section        0  project2mcu1.o(.rodata.str1.1)
    x$fpl$usenofp                            0x00001198   Section        0  usenofp.o(x$fpl$usenofp)
    .L.str.7                                 0x000011ad   Data          30  project2mcu1.o(.rodata.str1.1)
    .L.str.6                                 0x000011cb   Data          48  project2mcu1.o(.rodata.str1.1)
    .L.str.16                                0x000011fb   Data          45  project2mcu1.o(.rodata.str1.1)
    .L.str.3                                 0x00001228   Data          44  project2mcu1.o(.rodata.str1.1)
    .L.str.17                                0x00001254   Data          45  project2mcu1.o(.rodata.str1.1)
    .L.str.8                                 0x00001281   Data          12  project2mcu1.o(.rodata.str1.1)
    .L.str.9                                 0x0000128d   Data          15  project2mcu1.o(.rodata.str1.1)
    .L.str.14                                0x0000129c   Data          18  project2mcu1.o(.rodata.str1.1)
    .L.str.15                                0x000012ae   Data          17  project2mcu1.o(.rodata.str1.1)
    .L.str.11                                0x000012bf   Data          16  project2mcu1.o(.rodata.str1.1)
    .L.str.13                                0x000012cf   Data          16  project2mcu1.o(.rodata.str1.1)
    .L.str.10                                0x000012df   Data          17  project2mcu1.o(.rodata.str1.1)
    .L.str.12                                0x000012f0   Data          18  project2mcu1.o(.rodata.str1.1)
    .L.str.2                                 0x00001302   Data          24  project2mcu1.o(.rodata.str1.1)
    .L.str.19                                0x0000131a   Data          14  project2mcu1.o(.rodata.str1.1)
    .L.str.21                                0x00001328   Data           5  project2mcu1.o(.rodata.str1.1)
    .L.str.25                                0x0000132d   Data          56  project2mcu1.o(.rodata.str1.1)
    .L.str.1                                 0x00001365   Data          69  project2mcu1.o(.rodata.str1.1)
    .L.str.5                                 0x000013aa   Data          47  project2mcu1.o(.rodata.str1.1)
    .L.str.20                                0x000013d9   Data          37  project2mcu1.o(.rodata.str1.1)
    .L.str.23                                0x000013fe   Data          28  project2mcu1.o(.rodata.str1.1)
    .L.str.22                                0x0000141a   Data          26  project2mcu1.o(.rodata.str1.1)
    .L.str.24                                0x00001434   Data          36  project2mcu1.o(.rodata.str1.1)
    .L.str.4                                 0x00001458   Data           8  project2mcu1.o(.rodata.str1.1)
    .L.str                                   0x00001460   Data          13  project2mcu1.o(.rodata.str1.1)
    .bss                                     0x20000000   Section       96  libspace.o(.bss)
    HeapMem                                  0x20000070   Data           0  startup.o(HEAP)
    StackMem                                 0x20000070   Data           0  startup.o(STACK)
    HEAP                                     0x20000070   Section        0  startup.o(HEAP)
    STACK                                    0x20000070   Section     1024  startup.o(STACK)

    Global Symbols

    Symbol Name                              Value     Ov Type        Size  Object(Section)

    BuildAttributes$$THM_ISAv4$E$P$D$K$B$S$7EM$PE$A:L22UL41UL21$X:L11$S22US41US21$IEEE1$IW$~IW$USESV6$~STKCKD$USESV7$~SHL$OSPACE$ROPI$EBA8$UX$STANDARDLIB$REQ8$PRES8$EABIv2 0x00000000   Number         0  anon$$obj.o ABSOLUTE
    __Vectors                                0x00000000   Data           0  startup.o(RESET)
    __fp_init_empty                          0x00000000   Number         0  fpinit_empty.o ABSOLUTE
    __ARM_exceptions_init                     - Undefined Weak Reference
    __alloca_initialize                       - Undefined Weak Reference
    __arm_preinit_                            - Undefined Weak Reference
    __arm_relocate_pie_                       - Undefined Weak Reference
    __cpp_initialize__aeabi_                  - Undefined Weak Reference
    __cxa_finalize                            - Undefined Weak Reference
    __rt_locale                               - Undefined Weak Reference
    __sigvec_lookup                           - Undefined Weak Reference
    _atexit_init                              - Undefined Weak Reference
    _call_atexit_fns                          - Undefined Weak Reference
    _clock_init                               - Undefined Weak Reference
    _fp_trap_init                             - Undefined Weak Reference
    _fp_trap_shutdown                         - Undefined Weak Reference
    _get_lc_collate                           - Undefined Weak Reference
    _get_lc_ctype                             - Undefined Weak Reference
    _get_lc_monetary                          - Undefined Weak Reference
    _get_lc_numeric                           - Undefined Weak Reference
    _get_lc_time                              - Undefined Weak Reference
    _getenv_init                              - Undefined Weak Reference
    _handle_redirection                       - Undefined Weak Reference
    _init_alloc                               - Undefined Weak Reference
    _init_user_alloc                          - Undefined Weak Reference
    _initio                                   - Undefined Weak Reference
    _rand_init                                - Undefined Weak Reference
    _signal_finish                            - Undefined Weak Reference
    _signal_init                              - Undefined Weak Reference
    _terminate_alloc                          - Undefined Weak Reference
    _terminate_user_alloc                     - Undefined Weak Reference
    _terminateio                              - Undefined Weak Reference
    Reset_Handler                            0x0000026d   Thumb Code     0  startup.o(RESET)
    NMI_Handler                              0x00000271   Thumb Code     2  startup.o(RESET)
    HardFault_Handler                        0x00000273   Thumb Code     2  startup.o(RESET)
    MemManage_Handler                        0x00000275   Thumb Code     2  startup.o(RESET)
    BusFault_Handler                         0x00000277   Thumb Code     2  startup.o(RESET)
    UsageFault_Handler                       0x00000279   Thumb Code     2  startup.o(RESET)
    SVC_Handler                              0x0000027b   Thumb Code     2  startup.o(RESET)
    DebugMon_Handler                         0x0000027d   Thumb Code     2  startup.o(RESET)
    PendSV_Handler                           0x0000027f   Thumb Code     2  startup.o(RESET)
    ADC0Seq0_Handler                         0x00000283   Thumb Code     0  startup.o(RESET)
    ADC0Seq1_Handler                         0x00000283   Thumb Code     0  startup.o(RESET)
    ADC0Seq2_Handler                         0x00000283   Thumb Code     0  startup.o(RESET)
    ADC0Seq3_Handler                         0x00000283   Thumb Code     0  startup.o(RESET)
    ADC1Seq0_Handler                         0x00000283   Thumb Code     0  startup.o(RESET)
    ADC1Seq1_Handler                         0x00000283   Thumb Code     0  startup.o(RESET)
    ADC1Seq2_Handler                         0x00000283   Thumb Code     0  startup.o(RESET)
    ADC1Seq3_Handler                         0x00000283   Thumb Code     0  startup.o(RESET)
    CAN0_Handler                             0x00000283   Thumb Code     0  startup.o(RESET)
    CAN1_Handler                             0x00000283   Thumb Code     0  startup.o(RESET)
    CAN2_Handler                             0x00000283   Thumb Code     0  startup.o(RESET)
    Comp0_Handler                            0x00000283   Thumb Code     0  startup.o(RESET)
    Comp1_Handler                            0x00000283   Thumb Code     0  startup.o(RESET)
    Comp2_Handler                            0x00000283   Thumb Code     0  startup.o(RESET)
    Ethernet_Handler                         0x00000283   Thumb Code     0  startup.o(RESET)
    ExtBus_Handler                           0x00000283   Thumb Code     0  startup.o(RESET)
    FPU_Handler                              0x00000283   Thumb Code     0  startup.o(RESET)
    Fan0_Handler                             0x00000283   Thumb Code     0  startup.o(RESET)
    FlashCtl_Handler                         0x00000283   Thumb Code     0  startup.o(RESET)
    GPIOPortA_Handler                        0x00000283   Thumb Code     0  startup.o(RESET)
    GPIOPortB_Handler                        0x00000283   Thumb Code     0  startup.o(RESET)
    GPIOPortC_Handler                        0x00000283   Thumb Code     0  startup.o(RESET)
    GPIOPortD_Handler                        0x00000283   Thumb Code     0  startup.o(RESET)
    GPIOPortE_Handler                        0x00000283   Thumb Code     0  startup.o(RESET)
    GPIOPortF_Handler                        0x00000283   Thumb Code     0  startup.o(RESET)
    GPIOPortG_Handler                        0x00000283   Thumb Code     0  startup.o(RESET)
    GPIOPortH_Handler                        0x00000283   Thumb Code     0  startup.o(RESET)
    GPIOPortJ_Handler                        0x00000283   Thumb Code     0  startup.o(RESET)
    GPIOPortK_Handler                        0x00000283   Thumb Code     0  startup.o(RESET)
    GPIOPortL_Handler                        0x00000283   Thumb Code     0  startup.o(RESET)
    GPIOPortM_Handler                        0x00000283   Thumb Code     0  startup.o(RESET)
    GPIOPortN_Handler                        0x00000283   Thumb Code     0  startup.o(RESET)
    GPIOPortP1_Handler                       0x00000283   Thumb Code     0  startup.o(RESET)
    GPIOPortP2_Handler                       0x00000283   Thumb Code     0  startup.o(RESET)
    GPIOPortP3_Handler                       0x00000283   Thumb Code     0  startup.o(RESET)
    GPIOPortP4_Handler                       0x00000283   Thumb Code     0  startup.o(RESET)
    GPIOPortP5_Handler                       0x00000283   Thumb Code     0  startup.o(RESET)
    GPIOPortP6_Handler                       0x00000283   Thumb Code     0  startup.o(RESET)
    GPIOPortP7_Handler                       0x00000283   Thumb Code     0  startup.o(RESET)
    GPIOPortP_Handler                        0x00000283   Thumb Code     0  startup.o(RESET)
    GPIOPortQ1_Handler                       0x00000283   Thumb Code     0  startup.o(RESET)
    GPIOPortQ2_Handler                       0x00000283   Thumb Code     0  startup.o(RESET)
    GPIOPortQ3_Handler                       0x00000283   Thumb Code     0  startup.o(RESET)
    GPIOPortQ4_Handler                       0x00000283   Thumb Code     0  startup.o(RESET)
    GPIOPortQ5_Handler                       0x00000283   Thumb Code     0  startup.o(RESET)
    GPIOPortQ6_Handler                       0x00000283   Thumb Code     0  startup.o(RESET)
    GPIOPortQ7_Handler                       0x00000283   Thumb Code     0  startup.o(RESET)
    GPIOPortQ_Handler                        0x00000283   Thumb Code     0  startup.o(RESET)
    GPIOPortR_Handler                        0x00000283   Thumb Code     0  startup.o(RESET)
    GPIOPortS_Handler                        0x00000283   Thumb Code     0  startup.o(RESET)
    Hibernate_Handler                        0x00000283   Thumb Code     0  startup.o(RESET)
    I2C0_Handler                             0x00000283   Thumb Code     0  startup.o(RESET)
    I2C1_Handler                             0x00000283   Thumb Code     0  startup.o(RESET)
    I2C2_Handler                             0x00000283   Thumb Code     0  startup.o(RESET)
    I2C3_Handler                             0x00000283   Thumb Code     0  startup.o(RESET)
    I2C4_Handler                             0x00000283   Thumb Code     0  startup.o(RESET)
    I2C5_Handler                             0x00000283   Thumb Code     0  startup.o(RESET)
    I2S0_Handler                             0x00000283   Thumb Code     0  startup.o(RESET)
    LPC0_Handler                             0x00000283   Thumb Code     0  startup.o(RESET)
    PECI0_Handler                            0x00000283   Thumb Code     0  startup.o(RESET)
    PWM0Fault_Handler                        0x00000283   Thumb Code     0  startup.o(RESET)
    PWM0Generator0_Handler                   0x00000283   Thumb Code     0  startup.o(RESET)
    PWM0Generator1_Handler                   0x00000283   Thumb Code     0  startup.o(RESET)
    PWM0Generator2_Handler                   0x00000283   Thumb Code     0  startup.o(RESET)
    PWM0Generator3_Handler                   0x00000283   Thumb Code     0  startup.o(RESET)
    PWM1Fault_Handler                        0x00000283   Thumb Code     0  startup.o(RESET)
    PWM1Generator0_Handler                   0x00000283   Thumb Code     0  startup.o(RESET)
    PWM1Generator1_Handler                   0x00000283   Thumb Code     0  startup.o(RESET)
    PWM1Generator2_Handler                   0x00000283   Thumb Code     0  startup.o(RESET)
    PWM1Generator3_Handler                   0x00000283   Thumb Code     0  startup.o(RESET)
    Quadrature0_Handler                      0x00000283   Thumb Code     0  startup.o(RESET)
    Quadrature1_Handler                      0x00000283   Thumb Code     0  startup.o(RESET)
    Quadrature2_Handler                      0x00000283   Thumb Code     0  startup.o(RESET)
    SSI0_Handler                             0x00000283   Thumb Code     0  startup.o(RESET)
    SSI1_Handler                             0x00000283   Thumb Code     0  startup.o(RESET)
    SSI2_Handler                             0x00000283   Thumb Code     0  startup.o(RESET)
    SSI3_Handler                             0x00000283   Thumb Code     0  startup.o(RESET)
    SysCtl_Handler                           0x00000283   Thumb Code     0  startup.o(RESET)
    Timer0A_Handler                          0x00000283   Thumb Code     0  startup.o(RESET)
    Timer0B_Handler                          0x00000283   Thumb Code     0  startup.o(RESET)
    Timer1A_Handler                          0x00000283   Thumb Code     0  startup.o(RESET)
    Timer1B_Handler                          0x00000283   Thumb Code     0  startup.o(RESET)
    Timer2A_Handler                          0x00000283   Thumb Code     0  startup.o(RESET)
    Timer2B_Handler                          0x00000283   Thumb Code     0  startup.o(RESET)
    Timer3A_Handler                          0x00000283   Thumb Code     0  startup.o(RESET)
    Timer3B_Handler                          0x00000283   Thumb Code     0  startup.o(RESET)
    Timer4A_Handler                          0x00000283   Thumb Code     0  startup.o(RESET)
    Timer4B_Handler                          0x00000283   Thumb Code     0  startup.o(RESET)
    Timer5A_Handler                          0x00000283   Thumb Code     0  startup.o(RESET)
    Timer5B_Handler                          0x00000283   Thumb Code     0  startup.o(RESET)
    UART0_Handler                            0x00000283   Thumb Code     0  startup.o(RESET)
    UART1_Handler                            0x00000283   Thumb Code     0  startup.o(RESET)
    UART2_Handler                            0x00000283   Thumb Code     0  startup.o(RESET)
    UART3_Handler                            0x00000283   Thumb Code     0  startup.o(RESET)
    UART4_Handler                            0x00000283   Thumb Code     0  startup.o(RESET)
    UART5_Handler                            0x00000283   Thumb Code     0  startup.o(RESET)
    UART6_Handler                            0x00000283   Thumb Code     0  startup.o(RESET)
    UART7_Handler                            0x00000283   Thumb Code     0  startup.o(RESET)
    USB0_Handler                             0x00000283   Thumb Code     0  startup.o(RESET)
    WDT_Handler                              0x00000283   Thumb Code     0  startup.o(RESET)
    WideTimer0A_Handler                      0x00000283   Thumb Code     0  startup.o(RESET)
    WideTimer0B_Handler                      0x00000283   Thumb Code     0  startup.o(RESET)
    WideTimer1A_Handler                      0x00000283   Thumb Code     0  startup.o(RESET)
    WideTimer1B_Handler                      0x00000283   Thumb Code     0  startup.o(RESET)
    WideTimer2A_Handler                      0x00000283   Thumb Code     0  startup.o(RESET)
    WideTimer2B_Handler                      0x00000283   Thumb Code     0  startup.o(RESET)
    WideTimer3A_Handler                      0x00000283   Thumb Code     0  startup.o(RESET)
    WideTimer3B_Handler                      0x00000283   Thumb Code     0  startup.o(RESET)
    WideTimer4A_Handler                      0x00000283   Thumb Code     0  startup.o(RESET)
    WideTimer4B_Handler                      0x00000283   Thumb Code     0  startup.o(RESET)
    WideTimer5A_Handler                      0x00000283   Thumb Code     0  startup.o(RESET)
    WideTimer5B_Handler                      0x00000283   Thumb Code     0  startup.o(RESET)
    uDMA_Error                               0x00000283   Thumb Code     0  startup.o(RESET)
    uDMA_Handler                             0x00000283   Thumb Code     0  startup.o(RESET)
    __main                                   0x00000285   Thumb Code     8  __main.o(!!!main)
    __scatterload                            0x0000028d   Thumb Code     0  __scatter.o(!!!scatter)
    __scatterload_rt2                        0x0000028d   Thumb Code    44  __scatter.o(!!!scatter)
    __scatterload_rt2_thumb_only             0x0000028d   Thumb Code     0  __scatter.o(!!!scatter)
    __scatterload_null                       0x0000029b   Thumb Code     0  __scatter.o(!!!scatter)
    __scatterload_zeroinit                   0x000002c1   Thumb Code    28  __scatter_zi.o(!!handler_zi)
    __rt_lib_init                            0x000002dd   Thumb Code     0  libinit.o(.ARM.Collect$$libinit$$00000000)
    __rt_lib_init_alloca_1                   0x000002df   Thumb Code     0  libinit2.o(.ARM.Collect$$libinit$$00000030)
    __rt_lib_init_argv_1                     0x000002df   Thumb Code     0  libinit2.o(.ARM.Collect$$libinit$$0000002E)
    __rt_lib_init_atexit_1                   0x000002df   Thumb Code     0  libinit2.o(.ARM.Collect$$libinit$$0000001D)
    __rt_lib_init_clock_1                    0x000002df   Thumb Code     0  libinit2.o(.ARM.Collect$$libinit$$00000023)
    __rt_lib_init_cpp_1                      0x000002df   Thumb Code     0  libinit2.o(.ARM.Collect$$libinit$$00000034)
    __rt_lib_init_exceptions_1               0x000002df   Thumb Code     0  libinit2.o(.ARM.Collect$$libinit$$00000032)
    __rt_lib_init_fp_1                       0x000002df   Thumb Code     0  libinit2.o(.ARM.Collect$$libinit$$00000002)
    __rt_lib_init_fp_trap_1                  0x000002df   Thumb Code     0  libinit2.o(.ARM.Collect$$libinit$$00000021)
    __rt_lib_init_getenv_1                   0x000002df   Thumb Code     0  libinit2.o(.ARM.Collect$$libinit$$00000025)
    __rt_lib_init_heap_1                     0x000002df   Thumb Code     0  libinit2.o(.ARM.Collect$$libinit$$0000000C)
    __rt_lib_init_lc_collate_1               0x000002df   Thumb Code     0  libinit2.o(.ARM.Collect$$libinit$$00000013)
    __rt_lib_init_lc_ctype_1                 0x000002df   Thumb Code     0  libinit2.o(.ARM.Collect$$libinit$$00000015)
    __rt_lib_init_lc_monetary_1              0x000002df   Thumb Code     0  libinit2.o(.ARM.Collect$$libinit$$00000017)
    __rt_lib_init_lc_numeric_1               0x000002df   Thumb Code     0  libinit2.o(.ARM.Collect$$libinit$$00000019)
    __rt_lib_init_lc_time_1                  0x000002df   Thumb Code     0  libinit2.o(.ARM.Collect$$libinit$$0000001B)
    __rt_lib_init_preinit_1                  0x000002df   Thumb Code     0  libinit2.o(.ARM.Collect$$libinit$$00000006)
    __rt_lib_init_rand_1                     0x000002df   Thumb Code     0  libinit2.o(.ARM.Collect$$libinit$$00000010)
    __rt_lib_init_relocate_pie_1             0x000002df   Thumb Code     0  libinit2.o(.ARM.Collect$$libinit$$00000004)
    __rt_lib_init_return                     0x000002df   Thumb Code     0  libinit2.o(.ARM.Collect$$libinit$$00000035)
    __rt_lib_init_signal_1                   0x000002df   Thumb Code     0  libinit2.o(.ARM.Collect$$libinit$$0000001F)
    __rt_lib_init_stdio_1                    0x000002df   Thumb Code     0  libinit2.o(.ARM.Collect$$libinit$$00000027)
    __rt_lib_init_user_alloc_1               0x000002df   Thumb Code     0  libinit2.o(.ARM.Collect$$libinit$$0000000E)
    __rt_lib_shutdown                        0x000002e1   Thumb Code     0  libshutdown.o(.ARM.Collect$$libshutdown$$00000000)
    __rt_lib_shutdown_cpp_1                  0x000002e3   Thumb Code     0  libshutdown2.o(.ARM.Collect$$libshutdown$$00000002)
    __rt_lib_shutdown_fp_trap_1              0x000002e3   Thumb Code     0  libshutdown2.o(.ARM.Collect$$libshutdown$$00000007)
    __rt_lib_shutdown_heap_1                 0x000002e3   Thumb Code     0  libshutdown2.o(.ARM.Collect$$libshutdown$$0000000F)
    __rt_lib_shutdown_return                 0x000002e3   Thumb Code     0  libshutdown2.o(.ARM.Collect$$libshutdown$$00000010)
    __rt_lib_shutdown_signal_1               0x000002e3   Thumb Code     0  libshutdown2.o(.ARM.Collect$$libshutdown$$0000000A)
    __rt_lib_shutdown_stdio_1                0x000002e3   Thumb Code     0  libshutdown2.o(.ARM.Collect$$libshutdown$$00000004)
    __rt_lib_shutdown_user_alloc_1           0x000002e3   Thumb Code     0  libshutdown2.o(.ARM.Collect$$libshutdown$$0000000C)
    __rt_entry                               0x000002e5   Thumb Code     0  __rtentry.o(.ARM.Collect$$rtentry$$00000000)
    __rt_entry_presh_1                       0x000002e5   Thumb Code     0  __rtentry2.o(.ARM.Collect$$rtentry$$00000002)
    __rt_entry_sh                            0x000002e5   Thumb Code     0  __rtentry4.o(.ARM.Collect$$rtentry$$00000004)
    __rt_entry_li                            0x000002eb   Thumb Code     0  __rtentry2.o(.ARM.Collect$$rtentry$$0000000A)
    __rt_entry_postsh_1                      0x000002eb   Thumb Code     0  __rtentry2.o(.ARM.Collect$$rtentry$$00000009)
    __rt_entry_main                          0x000002ef   Thumb Code     0  __rtentry2.o(.ARM.Collect$$rtentry$$0000000D)
    __rt_entry_postli_1                      0x000002ef   Thumb Code     0  __rtentry2.o(.ARM.Collect$$rtentry$$0000000C)
    __rt_exit                                0x000002f7   Thumb Code     0  rtexit.o(.ARM.Collect$$rtexit$$00000000)
    __rt_exit_ls                             0x000002f9   Thumb Code     0  rtexit2.o(.ARM.Collect$$rtexit$$00000003)
    __rt_exit_prels_1                        0x000002f9   Thumb Code     0  rtexit2.o(.ARM.Collect$$rtexit$$00000002)
    __rt_exit_exit                           0x000002fd   Thumb Code     0  rtexit2.o(.ARM.Collect$$rtexit$$00000004)
    DisableInterrupts                        0x00000305   Thumb Code     0  startup.o(.text)
    EnableInterrupts                         0x00000309   Thumb Code     0  startup.o(.text)
    StartCritical                            0x0000030d   Thumb Code     0  startup.o(.text)
    EndCritical                              0x00000315   Thumb Code     0  startup.o(.text)
    WaitForInterrupt                         0x0000031b   Thumb Code     0  startup.o(.text)
    __user_initial_stackheap                 0x0000031f   Thumb Code     0  startup.o(.text)
    __use_two_region_memory                  0x00000335   Thumb Code     2  heapauxi.o(.text)
    __rt_heap_escrow$2region                 0x00000337   Thumb Code     2  heapauxi.o(.text)
    __rt_heap_expand$2region                 0x00000339   Thumb Code     2  heapauxi.o(.text)
    __user_setup_stackheap                   0x0000033b   Thumb Code    74  sys_stackheap_outer.o(.text)
    exit                                     0x00000385   Thumb Code    18  exit.o(.text)
    __user_libspace                          0x00000399   Thumb Code     8  libspace.o(.text)
    __user_perproc_libspace                  0x00000399   Thumb Code     0  libspace.o(.text)
    __user_perthread_libspace                0x00000399   Thumb Code     0  libspace.o(.text)
    _sys_exit                                0x000003a1   Thumb Code     8  sys_exit.o(.text)
    __I$use$semihosting                      0x000003ad   Thumb Code     0  use_no_semi.o(.text)
    __use_no_semihosting_swi                 0x000003ad   Thumb Code     2  use_no_semi.o(.text)
    __semihosting_library_function           0x000003af   Thumb Code     0  indicate_semi.o(.text)
    Display_Menu                             0x000003b1   Thumb Code   100  project2mcu1.o(.text.Display_Menu)
    Mode1                                    0x00000415   Thumb Code   686  project2mcu1.o(.text.Mode1)
    Mode2                                    0x000006c5   Thumb Code     2  project2mcu1.o(.text.Mode2)
    Mode3                                    0x000006c9   Thumb Code     2  project2mcu1.o(.text.Mode3)
    OutCRLF0                                 0x000006cd   Thumb Code    16  uart0.o(.text.OutCRLF0)
    PLL_Init                                 0x000006dd   Thumb Code   132  pll.o(.text.PLL_Init)
    Switch_Init                              0x00000761   Thumb Code   260  project2mcu1.o(.text.Switch_Init)
    SysTick_Handler                          0x00000865   Thumb Code   168  project2mcu1.o(.text.SysTick_Handler)
    UART0_InChar                             0x0000090d   Thumb Code    36  uart0.o(.text.UART0_InChar)
    UART0_InUDec                             0x00000931   Thumb Code   152  uart0.o(.text.UART0_InUDec)
    UART0_Init                               0x000009c9   Thumb Code   282  uart0.o(.text.UART0_Init)
    UART0_OutChar                            0x00000ae5   Thumb Code    46  uart0.o(.text.UART0_OutChar)
    UART0_OutString                          0x00000b15   Thumb Code    36  uart0.o(.text.UART0_OutString)
    UART0_OutUDec                            0x00000b39   Thumb Code    72  uart0.o(.text.UART0_OutUDec)
    charToHex                                0x00000b81   Thumb Code   130  uart0.o(.text.charToHex)
    main                                     0x00000c05   Thumb Code   100  project2mcu1.o(.text.main)
    __aeabi_ddiv                             0x00000c69   Thumb Code     0  ddiv.o(x$fpl$ddiv)
    _ddiv                                    0x00000c69   Thumb Code   556  ddiv.o(x$fpl$ddiv)
    __aeabi_d2uiz                            0x00000f1d   Thumb Code     0  dfixu.o(x$fpl$dfixu)
    _dfixu                                   0x00000f1d   Thumb Code    90  dfixu.o(x$fpl$dfixu)
    __aeabi_ui2d                             0x00000f77   Thumb Code     0  dflt_clz.o(x$fpl$dfltu)
    _dfltu                                   0x00000f77   Thumb Code    38  dflt_clz.o(x$fpl$dfltu)
    __aeabi_dmul                             0x00000f9d   Thumb Code     0  dmul.o(x$fpl$dmul)
    _dmul                                    0x00000f9d   Thumb Code   332  dmul.o(x$fpl$dmul)
    __fpl_dnaninf                            0x000010f1   Thumb Code   156  dnaninf.o(x$fpl$dnaninf)
    __fpl_dretinf                            0x0000118d   Thumb Code    12  dretinf.o(x$fpl$dretinf)
    __I$use$fp                               0x00001198   Number         0  usenofp.o(x$fpl$usenofp)
    Region$$Table$$Base                      0x00001470   Number         0  anon$$obj.o(Region$$Table)
    Region$$Table$$Limit                     0x00001480   Number         0  anon$$obj.o(Region$$Table)
    __libspace_start                         0x20000000   Data          96  libspace.o(.bss)
    H                                        0x20000060   Data           4  project2mcu1.o(.bss.H)
    __temporary_stack_top$libspace           0x20000060   Data           0  libspace.o(.bss)
    L                                        0x20000064   Data           4  project2mcu1.o(.bss.L)
    currentLED                               0x20000068   Data           1  project2mcu1.o(.bss.currentLED)



==============================================================================

Memory Map of the image

  Image Entry point : 0x0000026d

  Load Region LR_1 (Base: 0x00000000, Size: 0x00001480, Max: 0xffffffff, ABSOLUTE)

    Execution Region ER_RO (Exec base: 0x00000000, Load base: 0x00000000, Size: 0x00001480, Max: 0xffffffff, ABSOLUTE)

    Exec Addr    Load Addr    Size         Type   Attr      Idx    E Section Name        Object

    0x00000000   0x00000000   0x00000284   Code   RO            3  * RESET               startup.o
    0x00000284   0x00000284   0x00000008   Code   RO           80  * !!!main             c_w.l(__main.o)
    0x0000028c   0x0000028c   0x00000034   Code   RO          266    !!!scatter          c_w.l(__scatter.o)
    0x000002c0   0x000002c0   0x0000001c   Code   RO          268    !!handler_zi        c_w.l(__scatter_zi.o)
    0x000002dc   0x000002dc   0x00000002   Code   RO          128    .ARM.Collect$$libinit$$00000000  c_w.l(libinit.o)
    0x000002de   0x000002de   0x00000000   Code   RO          135    .ARM.Collect$$libinit$$00000002  c_w.l(libinit2.o)
    0x000002de   0x000002de   0x00000000   Code   RO          137    .ARM.Collect$$libinit$$00000004  c_w.l(libinit2.o)
    0x000002de   0x000002de   0x00000000   Code   RO          139    .ARM.Collect$$libinit$$00000006  c_w.l(libinit2.o)
    0x000002de   0x000002de   0x00000000   Code   RO          142    .ARM.Collect$$libinit$$0000000C  c_w.l(libinit2.o)
    0x000002de   0x000002de   0x00000000   Code   RO          144    .ARM.Collect$$libinit$$0000000E  c_w.l(libinit2.o)
    0x000002de   0x000002de   0x00000000   Code   RO          146    .ARM.Collect$$libinit$$00000010  c_w.l(libinit2.o)
    0x000002de   0x000002de   0x00000000   Code   RO          149    .ARM.Collect$$libinit$$00000013  c_w.l(libinit2.o)
    0x000002de   0x000002de   0x00000000   Code   RO          151    .ARM.Collect$$libinit$$00000015  c_w.l(libinit2.o)
    0x000002de   0x000002de   0x00000000   Code   RO          153    .ARM.Collect$$libinit$$00000017  c_w.l(libinit2.o)
    0x000002de   0x000002de   0x00000000   Code   RO          155    .ARM.Collect$$libinit$$00000019  c_w.l(libinit2.o)
    0x000002de   0x000002de   0x00000000   Code   RO          157    .ARM.Collect$$libinit$$0000001B  c_w.l(libinit2.o)
    0x000002de   0x000002de   0x00000000   Code   RO          159    .ARM.Collect$$libinit$$0000001D  c_w.l(libinit2.o)
    0x000002de   0x000002de   0x00000000   Code   RO          161    .ARM.Collect$$libinit$$0000001F  c_w.l(libinit2.o)
    0x000002de   0x000002de   0x00000000   Code   RO          163    .ARM.Collect$$libinit$$00000021  c_w.l(libinit2.o)
    0x000002de   0x000002de   0x00000000   Code   RO          165    .ARM.Collect$$libinit$$00000023  c_w.l(libinit2.o)
    0x000002de   0x000002de   0x00000000   Code   RO          167    .ARM.Collect$$libinit$$00000025  c_w.l(libinit2.o)
    0x000002de   0x000002de   0x00000000   Code   RO          169    .ARM.Collect$$libinit$$00000027  c_w.l(libinit2.o)
    0x000002de   0x000002de   0x00000000   Code   RO          173    .ARM.Collect$$libinit$$0000002E  c_w.l(libinit2.o)
    0x000002de   0x000002de   0x00000000   Code   RO          175    .ARM.Collect$$libinit$$00000030  c_w.l(libinit2.o)
    0x000002de   0x000002de   0x00000000   Code   RO          177    .ARM.Collect$$libinit$$00000032  c_w.l(libinit2.o)
    0x000002de   0x000002de   0x00000000   Code   RO          179    .ARM.Collect$$libinit$$00000034  c_w.l(libinit2.o)
    0x000002de   0x000002de   0x00000002   Code   RO          180    .ARM.Collect$$libinit$$00000035  c_w.l(libinit2.o)
    0x000002e0   0x000002e0   0x00000002   Code   RO          202    .ARM.Collect$$libshutdown$$00000000  c_w.l(libshutdown.o)
    0x000002e2   0x000002e2   0x00000000   Code   RO          217    .ARM.Collect$$libshutdown$$00000002  c_w.l(libshutdown2.o)
    0x000002e2   0x000002e2   0x00000000   Code   RO          219    .ARM.Collect$$libshutdown$$00000004  c_w.l(libshutdown2.o)
    0x000002e2   0x000002e2   0x00000000   Code   RO          222    .ARM.Collect$$libshutdown$$00000007  c_w.l(libshutdown2.o)
    0x000002e2   0x000002e2   0x00000000   Code   RO          225    .ARM.Collect$$libshutdown$$0000000A  c_w.l(libshutdown2.o)
    0x000002e2   0x000002e2   0x00000000   Code   RO          227    .ARM.Collect$$libshutdown$$0000000C  c_w.l(libshutdown2.o)
    0x000002e2   0x000002e2   0x00000000   Code   RO          230    .ARM.Collect$$libshutdown$$0000000F  c_w.l(libshutdown2.o)
    0x000002e2   0x000002e2   0x00000002   Code   RO          231    .ARM.Collect$$libshutdown$$00000010  c_w.l(libshutdown2.o)
    0x000002e4   0x000002e4   0x00000000   Code   RO           98    .ARM.Collect$$rtentry$$00000000  c_w.l(__rtentry.o)
    0x000002e4   0x000002e4   0x00000000   Code   RO          105    .ARM.Collect$$rtentry$$00000002  c_w.l(__rtentry2.o)
    0x000002e4   0x000002e4   0x00000006   Code   RO          117    .ARM.Collect$$rtentry$$00000004  c_w.l(__rtentry4.o)
    0x000002ea   0x000002ea   0x00000000   Code   RO          107    .ARM.Collect$$rtentry$$00000009  c_w.l(__rtentry2.o)
    0x000002ea   0x000002ea   0x00000004   Code   RO          108    .ARM.Collect$$rtentry$$0000000A  c_w.l(__rtentry2.o)
    0x000002ee   0x000002ee   0x00000000   Code   RO          110    .ARM.Collect$$rtentry$$0000000C  c_w.l(__rtentry2.o)
    0x000002ee   0x000002ee   0x00000008   Code   RO          111    .ARM.Collect$$rtentry$$0000000D  c_w.l(__rtentry2.o)
    0x000002f6   0x000002f6   0x00000002   Code   RO          132    .ARM.Collect$$rtexit$$00000000  c_w.l(rtexit.o)
    0x000002f8   0x000002f8   0x00000000   Code   RO          182    .ARM.Collect$$rtexit$$00000002  c_w.l(rtexit2.o)
    0x000002f8   0x000002f8   0x00000004   Code   RO          183    .ARM.Collect$$rtexit$$00000003  c_w.l(rtexit2.o)
    0x000002fc   0x000002fc   0x00000006   Code   RO          184    .ARM.Collect$$rtexit$$00000004  c_w.l(rtexit2.o)
    0x00000302   0x00000302   0x00000002   PAD
    0x00000304   0x00000304   0x00000030   Code   RO            4    .text               startup.o
    0x00000334   0x00000334   0x00000006   Code   RO           78    .text               c_w.l(heapauxi.o)
    0x0000033a   0x0000033a   0x0000004a   Code   RO          119    .text               c_w.l(sys_stackheap_outer.o)
    0x00000384   0x00000384   0x00000012   Code   RO          121    .text               c_w.l(exit.o)
    0x00000396   0x00000396   0x00000002   PAD
    0x00000398   0x00000398   0x00000008   Code   RO          129    .text               c_w.l(libspace.o)
    0x000003a0   0x000003a0   0x0000000c   Code   RO          192    .text               c_w.l(sys_exit.o)
    0x000003ac   0x000003ac   0x00000002   Code   RO          207    .text               c_w.l(use_no_semi.o)
    0x000003ae   0x000003ae   0x00000000   Code   RO          209    .text               c_w.l(indicate_semi.o)
    0x000003ae   0x000003ae   0x00000002   PAD
    0x000003b0   0x000003b0   0x00000064   Code   RO           56    .text.Display_Menu  project2mcu1.o
    0x00000414   0x00000414   0x000002ae   Code   RO           58    .text.Mode1         project2mcu1.o
    0x000006c2   0x000006c2   0x00000002   PAD
    0x000006c4   0x000006c4   0x00000002   Code   RO           60    .text.Mode2         project2mcu1.o
    0x000006c6   0x000006c6   0x00000002   PAD
    0x000006c8   0x000006c8   0x00000002   Code   RO           62    .text.Mode3         project2mcu1.o
    0x000006ca   0x000006ca   0x00000002   PAD
    0x000006cc   0x000006cc   0x00000010   Code   RO           23    .text.OutCRLF0      uart0.o
    0x000006dc   0x000006dc   0x00000084   Code   RO           13    .text.PLL_Init      pll.o
    0x00000760   0x00000760   0x00000104   Code   RO           52    .text.Switch_Init   project2mcu1.o
    0x00000864   0x00000864   0x000000a8   Code   RO           54    .text.SysTick_Handler  project2mcu1.o
    0x0000090c   0x0000090c   0x00000024   Code   RO           27    .text.UART0_InChar  uart0.o
    0x00000930   0x00000930   0x00000098   Code   RO           31    .text.UART0_InUDec  uart0.o
    0x000009c8   0x000009c8   0x0000011a   Code   RO           21    .text.UART0_Init    uart0.o
    0x00000ae2   0x00000ae2   0x00000002   PAD
    0x00000ae4   0x00000ae4   0x0000002e   Code   RO           25    .text.UART0_OutChar  uart0.o
    0x00000b12   0x00000b12   0x00000002   PAD
    0x00000b14   0x00000b14   0x00000024   Code   RO           29    .text.UART0_OutString  uart0.o
    0x00000b38   0x00000b38   0x00000048   Code   RO           33    .text.UART0_OutUDec  uart0.o
    0x00000b80   0x00000b80   0x00000082   Code   RO           41    .text.charToHex     uart0.o
    0x00000c02   0x00000c02   0x00000002   PAD
    0x00000c04   0x00000c04   0x00000064   Code   RO           50    .text.main          project2mcu1.o
    0x00000c68   0x00000c68   0x000002b4   Code   RO           83    x$fpl$ddiv          fz_ws.l(ddiv.o)
    0x00000f1c   0x00000f1c   0x0000005a   Code   RO           86    x$fpl$dfixu         fz_ws.l(dfixu.o)
    0x00000f76   0x00000f76   0x00000026   Code   RO           90    x$fpl$dfltu         fz_ws.l(dflt_clz.o)
    0x00000f9c   0x00000f9c   0x00000154   Code   RO           96    x$fpl$dmul          fz_ws.l(dmul.o)
    0x000010f0   0x000010f0   0x0000009c   Code   RO           99    x$fpl$dnaninf       fz_ws.l(dnaninf.o)
    0x0000118c   0x0000118c   0x0000000c   Code   RO          101    x$fpl$dretinf       fz_ws.l(dretinf.o)
    0x00001198   0x00001198   0x00000000   Code   RO          103    x$fpl$usenofp       fz_ws.l(usenofp.o)
    0x00001198   0x00001198   0x000002d5   Data   RO           66    .rodata.str1.1      project2mcu1.o
    0x0000146d   0x0000146d   0x00000003   PAD
    0x00001470   0x00001470   0x00000010   Data   RO          265    Region$$Table       anon$$obj.o


    Execution Region ER_RW (Exec base: 0x20000000, Load base: 0x00001480, Size: 0x00000000, Max: 0xffffffff, ABSOLUTE)

    **** No section assigned to this execution region ****


    Execution Region ER_ZI (Exec base: 0x20000000, Load base: 0x00001480, Size: 0x00000470, Max: 0xffffffff, ABSOLUTE)

    Exec Addr    Load Addr    Size         Type   Attr      Idx    E Section Name        Object

    0x20000000        -       0x00000060   Zero   RW          130    .bss                c_w.l(libspace.o)
    0x20000060        -       0x00000004   Zero   RW           67    .bss.H              project2mcu1.o
    0x20000064        -       0x00000004   Zero   RW           68    .bss.L              project2mcu1.o
    0x20000068        -       0x00000001   Zero   RW           65    .bss.currentLED     project2mcu1.o
    0x20000069   0x00001480   0x00000007   PAD
    0x20000070        -       0x00000000   Zero   RW            2    HEAP                startup.o
    0x20000070        -       0x00000400   Zero   RW            1    STACK               startup.o


==============================================================================

Image component sizes


      Code (inc. data)   RO Data    RW Data    ZI Data      Debug   Object Name

       132          0          0          0          0        431   pll.o
      1318         24        725          0          9       2517   project2mcu1.o
       692        632          0          0       1024        956   startup.o
       770         24          0          0          0       2813   uart0.o

    ----------------------------------------------------------------------
      2924        680        744          0       1040       6717   Object Totals
         0          0         16          0          0          0   (incl. Generated)
        12          0          3          0          7          0   (incl. Padding)

    ----------------------------------------------------------------------

      Code (inc. data)   RO Data    RW Data    ZI Data      Debug   Library Member Name

         8          0          0          0          0         68   __main.o
         0          0          0          0          0          0   __rtentry.o
        12          0          0          0          0          0   __rtentry2.o
         6          0          0          0          0          0   __rtentry4.o
        52          8          0          0          0          0   __scatter.o
        28          0          0          0          0          0   __scatter_zi.o
        18          0          0          0          0         80   exit.o
         6          0          0          0          0        152   heapauxi.o
         0          0          0          0          0          0   indicate_semi.o
         2          0          0          0          0          0   libinit.o
         2          0          0          0          0          0   libinit2.o
         2          0          0          0          0          0   libshutdown.o
         2          0          0          0          0          0   libshutdown2.o
         8          4          0          0         96         68   libspace.o
         2          0          0          0          0          0   rtexit.o
        10          0          0          0          0          0   rtexit2.o
        12          4          0          0          0         68   sys_exit.o
        74          0          0          0          0         80   sys_stackheap_outer.o
         2          0          0          0          0         68   use_no_semi.o
       692        140          0          0          0        216   ddiv.o
        90          4          0          0          0         92   dfixu.o
        38          0          0          0          0         68   dflt_clz.o
       340         12          0          0          0        104   dmul.o
       156          4          0          0          0         92   dnaninf.o
        12          0          0          0          0         68   dretinf.o
         0          0          0          0          0          0   usenofp.o

    ----------------------------------------------------------------------
      1580        176          0          0         96       1224   Library Totals
         6          0          0          0          0          0   (incl. Padding)

    ----------------------------------------------------------------------

      Code (inc. data)   RO Data    RW Data    ZI Data      Debug   Library Name

       246         16          0          0         96        584   c_w.l
      1328        160          0          0          0        640   fz_ws.l

    ----------------------------------------------------------------------
      1580        176          0          0         96       1224   Library Totals

    ----------------------------------------------------------------------

==============================================================================


      Code (inc. data)   RO Data    RW Data    ZI Data      Debug   

      4504        856        744          0       1136       7413   Grand Totals
      4504        856        744          0       1136       7413   ELF Image Totals
      4504        856        744          0          0          0   ROM Totals

==============================================================================

    Total RO  Size (Code + RO Data)                 5248 (   5.12kB)
    Total RW  Size (RW Data + ZI Data)              1136 (   1.11kB)
    Total ROM Size (Code + RO Data + RW Data)       5248 (   5.12kB)

==============================================================================

